Microchip MPLAB XC8 Compiler V1.42 ()

Linker command line:

-W-3 --edf=C:\Program Files (x86)\Microchip\xc8\v1.42\dat\en_msgs.txt -cs \
  -h+dist/Sim/debug\LED.X.debug.sym --cmf=dist/Sim/debug\LED.X.debug.cmf -z \
  -Q18F47K40 -oC:\Users\wllmb\AppData\Local\Temp\sb30.2 \
  -Mdist/Sim/debug/LED.X.debug.map -E1 -ver=XC8 -ASTACK=01A4h-0e7dh \
  -pstack=STACK -ACODE=00h-01FFFFh -ACONST=00h-01FFFFh \
  -ASMALLCONST=0F00h-0FFFhx497 -AMEDIUMCONST=0F00h-0FFFFh,010F00h-01FFFFh \
  -ACOMRAM=01h-05Fh -AABS1=00h-0E7Dh -ABIGRAM=01h-0E7Dh \
  -ARAM=060h-0FFh,0100h-01FFhx13,0E00h-0E7Dh -ABANK0=060h-0FFh \
  -ABANK1=0100h-01FFh -ABANK2=0200h-02FFh -ABANK3=0300h-03FFh \
  -ABANK4=0400h-04FFh -ABANK5=0500h-05FFh -ABANK6=0600h-06FFh \
  -ABANK7=0700h-07FFh -ABANK8=0800h-08FFh -ABANK9=0900h-09FFh \
  -ABANK10=0A00h-0AFFh -ABANK11=0B00h-0BFFh -ABANK12=0C00h-0CFFh \
  -ABANK13=0D00h-0DFFh -ABANK14=0E00h-0E7Dh \
  -ASFR=0E7Eh-0EFFh,0F00h-0F5Fh,0F60h-0FFFh \
  -preset_vec=00h,intcode,intcodelo,powerup,init -pramtop=0F00h \
  -psmallconst=SMALLCONST -pmediumconst=MEDIUMCONST -pconst=CONST \
  -AFARRAM=00h-00h -ACONFIG=0300000h-030000Bh -pconfig=CONFIG \
  -AIDLOC=0200000h-020000Fh -pidloc=IDLOC -AEEDATA=0310000h-03103FFh \
  -peeprom_data=EEDATA \
  -prdata=COMRAM,nvrram=COMRAM,nvbit=COMRAM,rbss=COMRAM,rbit=COMRAM \
  -pfarbss=FARRAM,fardata=FARRAM,nvFARRAM=FARRAM \
  -pintsave_regs=BIGRAM,bigbss=BIGRAM,bigdata=BIGRAM -pbss=RAM \
  -pidata=CODE,irdata=CODE,ibigdata=CODE,ifardata=CODE -prparam=COMRAM \
  C:\Users\wllmb\AppData\Local\Temp\sb30.obj dist/Sim/debug\LED.X.debug.obj 

Object code version is 3.11

Machine type is 18F47K40

Call graph: (short form)




                Name                               Link     Load   Length Selector   Space Scale
C:\Users\wllmb\AppData\Local\Temp\sb30.obj
                init                                  0        0        4        0       0
                idloc                            200000   200000       10   200000       0
                config                           300000   300000        C   300000       0
dist/Sim/debug\LED.X.debug.obj
                text3                             1FCAC    1FCAC       30     FE56       0
                text2                             1FECE    1FECE      132     FF67       0
                text1                             1FD26    1FD26       4C     FE93       0
                text0                             1FCDC    1FCDC       4A     FE6E       0
                cstackCOMRAM                         2A       2A       1B        1       1
                dataBANK1                           100      100       A4      100       1
                dataBANK0                            60       60       52       60       1
                dataCOMRAM                            1        1       29        1       1
                cinit                             1FDC4    1FDC4       66     FEE2       0
                idataBANK1                        1FE2A    1FE2A       A4    1FE2A       0
                idataBANK0                        1FD72    1FD72       52    1FD72       0
                idataCOMRAM                       1FC83    1FC83       29    1FC83       0

TOTAL           Name                               Link     Load   Length     Space
        CLASS   STACK          

        CLASS   CODE           
                init                                  0        0        4         0
                text3                             1FCAC    1FCAC       30         0
                text2                             1FECE    1FECE      132         0
                text1                             1FD26    1FD26       4C         0
                text0                             1FCDC    1FCDC       4A         0
                cinit                             1FDC4    1FDC4       66         0
                idataBANK1                        1FE2A    1FE2A       A4         0
                idataBANK0                        1FD72    1FD72       52         0
                idataCOMRAM                       1FC83    1FC83       29         0

        CLASS   CONST          

        CLASS   SMALLCONST     

        CLASS   MEDIUMCONST    

        CLASS   COMRAM         
                cstackCOMRAM                         2A       2A       1B         1
                dataCOMRAM                            1        1       29         1

        CLASS   ABS1           

        CLASS   BIGRAM         

        CLASS   RAM            

        CLASS   BANK0          
                dataBANK0                            60       60       52         1

        CLASS   BANK1          
                dataBANK1                           100      100       A4         1

        CLASS   BANK2          

        CLASS   BANK3          

        CLASS   BANK4          

        CLASS   BANK5          

        CLASS   BANK6          

        CLASS   BANK7          

        CLASS   BANK8          

        CLASS   BANK9          

        CLASS   BANK10         

        CLASS   BANK11         

        CLASS   BANK12         

        CLASS   BANK13         

        CLASS   BANK14         

        CLASS   SFR            

        CLASS   FARRAM         

        CLASS   CONFIG         
                config                           300000   300000        C         0

        CLASS   IDLOC          
                idloc                            200000   200000       10         0

        CLASS   EEDATA         



SEGMENTS        Name                           Load    Length   Top    Selector   Space  Class

                reset_vec                      000000  000004  000004         0       0  CODE    
                dataCOMRAM                     000001  000044  000045         1       1  COMRAM  
                dataBANK0                      000060  000052  0000B2        60       1  BANK0   
                dataBANK1                      000100  0000A4  0001A4       100       1  BANK1   
                idataCOMRAM                    01FC83  000029  01FCAC     1FC83       0  CODE    
                text3                          01FCAC  000030  01FCDC      FE56       0  CODE    
                text0                          01FCDC  00004A  01FD26      FE6E       0  CODE    
                text1                          01FD26  00004C  01FD72      FE93       0  CODE    
                idataBANK0                     01FD72  000052  01FDC4     1FD72       0  CODE    
                cinit                          01FDC4  000066  01FE2A      FEE2       0  CODE    
                idataBANK1                     01FE2A  0000A4  01FECE     1FE2A       0  CODE    
                text2                          01FECE  000132  020000      FF67       0  CODE    
                idloc                          200000  000010  200010    200000       0  IDLOC   
                config                         300000  00000C  30000C    300000       0  CONFIG  


UNUSED ADDRESS RANGES

        Name                Unused          Largest block    Delta
        BANK0            0000B2-0000FF               4E
        BANK1            0001A4-0001FF               5C
        BANK10           000A00-000AFF              100
        BANK11           000B00-000BFF              100
        BANK12           000C00-000CFF              100
        BANK13           000D00-000DFF              100
        BANK14           000E00-000E7D               7E
        BANK2            000200-0002FF              100
        BANK3            000300-0003FF              100
        BANK4            000400-0004FF              100
        BANK5            000500-0005FF              100
        BANK6            000600-0006FF              100
        BANK7            000700-0007FF              100
        BANK8            000800-0008FF              100
        BANK9            000900-0009FF              100
        BIGRAM           000045-00005F               1B
                         0000B2-0000FF               4E
                         0001A4-000E7D              CDA
        CODE             000004-01FC82            1FC7F
        COMRAM           000045-00005F               1B
        CONST            000004-01FC82            1FC7F
        EEDATA           310000-3103FF              400
        MEDIUMCONST      000F00-00FFFF             F100
                         010F00-01FC82             ED83
        RAM              0000B2-0000FF               4E
                         0001A4-000E7D              100
        SFR              000E7E-000FFF               82
        SMALLCONST       000F00-01FC82              100
        STACK            0001A4-000E7D              CDA

                                  Symbol Table

_LATA                    (abs)        000F83
_LATB                    (abs)        000F84
_LATC                    (abs)        000F85
_LATD                    (abs)        000F86
_LATE                    (abs)        000F87
_PORTA                   (abs)        000F8D
_PORTB                   (abs)        000F8E
_PORTC                   (abs)        000F8F
_PORTD                   (abs)        000F90
_PORTE                   (abs)        000F91
_TRISA                   (abs)        000F88
_TRISB                   (abs)        000F89
_TRISC                   (abs)        000F8A
_TRISD                   (abs)        000F8B
_TRISE                   (abs)        000F8C
__CFG_WDTE$OFF           (abs)        000000
__HRAM                   (abs)        000000
__Habs1                  abs1         000000
__Hbank0                 bank0        000000
__Hbank1                 bank1        000000
__Hbank10                bank10       000000
__Hbank11                bank11       000000
__Hbank12                bank12       000000
__Hbank13                bank13       000000
__Hbank14                bank14       000000
__Hbank2                 bank2        000000
__Hbank3                 bank3        000000
__Hbank4                 bank4        000000
__Hbank5                 bank5        000000
__Hbank6                 bank6        000000
__Hbank7                 bank7        000000
__Hbank8                 bank8        000000
__Hbank9                 bank9        000000
__Hbigbss                bigbss       000000
__Hbigdata               bigdata      000000
__Hbigram                bigram       000000
__Hbss                   bss          000000
__Hcinit                 cinit        000000
__Hclrtext               clrtext      000000
__Hcomram                comram       000000
__Hconfig                config       30000C
__Hconst                 const        000000
__HcstackCOMRAM          cstackCOMRAM 000000
__Hdata                  data         000000
__HdataBANK0             dataBANK0    000000
__HdataBANK1             dataBANK1    000000
__HdataCOMRAM            dataCOMRAM   000000
__Heeprom_data           eeprom_data  000000
__Hfarbss                farbss       000000
__Hfardata               fardata      000000
__Hibigdata              ibigdata     000000
__Hidata                 idata        000000
__HidataBANK0            idataBANK0   000000
__HidataBANK1            idataBANK1   000000
__HidataCOMRAM           idataCOMRAM  000000
__Hidloc                 idloc        200010
__Hifardata              ifardata     000000
__Hinit                  init         000004
__Hintcode               intcode      000000
__Hintcode_body          intcode_body 000000
__Hintcodelo             intcodelo    000000
__Hintentry              intentry     000000
__Hintret                intret       000000
__Hintsave_regs          intsave_regs 000000
__Hirdata                irdata       000000
__Hmediumconst           mediumconst  000000
__HnvFARRAM              nvFARRAM     000000
__Hnvbit                 nvbit        000000
__Hnvrram                nvrram       000000
__Hparam                 rparam       000000
__Hpowerup               powerup      000000
__Hram                   ram          000000
__Hramtop                ramtop       000F00
__Hrbit                  rbit         000000
__Hrbss                  rbss         000000
__Hrdata                 rdata        000000
__Hreset_vec             reset_vec    000000
__Hrparam                rparam       000000
__Hsfr                   sfr          000000
__Hsmallconst            smallconst   000000
__Hspace_0               (abs)        30000C
__Hspace_1               (abs)        0001A4
__Hspace_2               (abs)        000000
__Hstack                 stack        000000
__Hstruct                struct       000000
__Htemp                  temp         000000
__Htext                  text         000000
__Htext0                 text0        000000
__Htext1                 text1        000000
__Htext2                 text2        000000
__Htext3                 text3        000000
__LRAM                   (abs)        000001
__Labs1                  abs1         000000
__Lbank0                 bank0        000000
__Lbank1                 bank1        000000
__Lbank10                bank10       000000
__Lbank11                bank11       000000
__Lbank12                bank12       000000
__Lbank13                bank13       000000
__Lbank14                bank14       000000
__Lbank2                 bank2        000000
__Lbank3                 bank3        000000
__Lbank4                 bank4        000000
__Lbank5                 bank5        000000
__Lbank6                 bank6        000000
__Lbank7                 bank7        000000
__Lbank8                 bank8        000000
__Lbank9                 bank9        000000
__Lbigbss                bigbss       000000
__Lbigdata               bigdata      000000
__Lbigram                bigram       000000
__Lbss                   bss          000000
__Lcinit                 cinit        000000
__Lclrtext               clrtext      000000
__Lcomram                comram       000000
__Lconfig                config       300000
__Lconst                 const        000000
__LcstackCOMRAM          cstackCOMRAM 000000
__Ldata                  data         000000
__LdataBANK0             dataBANK0    000000
__LdataBANK1             dataBANK1    000000
__LdataCOMRAM            dataCOMRAM   000000
__Leeprom_data           eeprom_data  000000
__Lfarbss                farbss       000000
__Lfardata               fardata      000000
__Libigdata              ibigdata     000000
__Lidata                 idata        000000
__LidataBANK0            idataBANK0   000000
__LidataBANK1            idataBANK1   000000
__LidataCOMRAM           idataCOMRAM  000000
__Lidloc                 idloc        200000
__Lifardata              ifardata     000000
__Linit                  init         000000
__Lintcode               intcode      000000
__Lintcode_body          intcode_body 000000
__Lintcodelo             intcodelo    000000
__Lintentry              intentry     000000
__Lintret                intret       000000
__Lintsave_regs          intsave_regs 000000
__Lirdata                irdata       000000
__Lmediumconst           mediumconst  000000
__LnvFARRAM              nvFARRAM     000000
__Lnvbit                 nvbit        000000
__Lnvrram                nvrram       000000
__Lparam                 rparam       000000
__Lpowerup               powerup      000000
__Lram                   ram          000000
__Lramtop                ramtop       000F00
__Lrbit                  rbit         000000
__Lrbss                  rbss         000000
__Lrdata                 rdata        000000
__Lreset_vec             reset_vec    000000
__Lrparam                rparam       000000
__Lsfr                   sfr          000000
__Lsmallconst            smallconst   000000
__Lspace_0               (abs)        000000
__Lspace_1               (abs)        000000
__Lspace_2               (abs)        000000
__Lstack                 stack        000000
__Lstruct                struct       000000
__Ltemp                  temp         000000
__Ltext                  text         000000
__Ltext0                 text0        000000
__Ltext1                 text1        000000
__Ltext2                 text2        000000
__Ltext3                 text3        000000
__S0                     (abs)        30000C
__S1                     (abs)        0001A4
__S2                     (abs)        000000
___inthi_sp              stack        000000
___intlo_sp              stack        000000
___param_bank            (abs)        000000
___rparam_used           (abs)        000001
___sp                    stack        000000
__accesstop              (abs)        000060
__activetblptr           (abs)        000000
__end_of__initialization cinit        01FE24
__end_of_driveLow        text3        01FCDC
__end_of_main            text0        01FD26
__end_of_startPin        text2        020000
__end_of_toggle          text1        01FD72
__initialization         cinit        01FDC4
__mediumconst            mediumconst  000000
__pcinit                 cinit        01FDC4
__pcstackCOMRAM          cstackCOMRAM 00002A
__pdataBANK0             dataBANK0    000060
__pdataBANK1             dataBANK1    000100
__pdataCOMRAM            dataCOMRAM   000001
__pidataBANK0            idataBANK0   01FD72
__pidataBANK1            idataBANK1   01FE2A
__pidataCOMRAM           idataCOMRAM  01FC83
__ptext0                 text0        01FCDC
__ptext1                 text1        01FD26
__ptext2                 text2        01FECE
__ptext3                 text3        01FCAC
__ramtop                 ramtop       000F00
__size_of_driveLow       (abs)        000000
__size_of_main           (abs)        000000
__size_of_startPin       (abs)        000000
__size_of_toggle         (abs)        000000
__smallconst             smallconst   000000
_driveLow                text3        01FCAC
_latID                   dataBANK1    000100
_main                    text0        01FCDC
_portID                  dataBANK1    000152
_regNumber               dataCOMRAM   000001
_startPin                text2        01FECE
_toggle                  text1        01FD26
_trisID                  dataBANK0    000060
driveLow@pin             cstackCOMRAM 00002A
driveLow@toMask          cstackCOMRAM 00002E
end_of_initialization    cinit        01FE24
intlevel0                text         000000
intlevel1                text         000000
intlevel2                text         000000
intlevel3                text         000000
main@c                   cstackCOMRAM 00003C
main@ledPin              cstackCOMRAM 00003E
main@overFlow            cstackCOMRAM 00003A
stackhi                  (abs)        000E7D
stacklo                  (abs)        0001A4
start                    init         000000
startPin@newPin          cstackCOMRAM 00002F
startPin@pinDir          cstackCOMRAM 000032
startPin@pinNum          cstackCOMRAM 000031
startPin@rm              cstackCOMRAM 000039
startPin@shiftLevel      cstackCOMRAM 000037
start_initialization     cinit        01FDC4
toggle@pin               cstackCOMRAM 00002A
toggle@toAssign          cstackCOMRAM 00002F


FUNCTION INFORMATION:

 *************** function _main *****************
 Defined at:
		line 14 in file "newmain.c"
 Parameters:    Size  Location     Type
		None
 Auto vars:     Size  Location     Type
  ledPin          7   20[COMRAM] struct pinDef
  c               2   18[COMRAM] unsigned int 
  overFlow        2   16[COMRAM] unsigned int 
 Return value:  Size  Location     Type
                  1    wreg      void 
 Registers used:
		wreg, fsr1l, fsr1h, fsr2l, fsr2h, status,2, status,0, prodl, prodh, cstack
 Tracked objects:
		On entry : 
		On exit  : 
		Unchanged: 
 Data sizes:     COMRAM   BANK0   BANK1   BANK2   BANK3   BANK4   BANK5   BANK6   BANK7   BANK8   BANK9  BANK10  BANK11  BANK12  BANK13  BANK14
      Params:         0       0       0       0       0       0       0       0       0       0       0       0       0       0       0       0
      Locals:        11       0       0       0       0       0       0       0       0       0       0       0       0       0       0       0
      Temps:          0       0       0       0       0       0       0       0       0       0       0       0       0       0       0       0
      Totals:        11       0       0       0       0       0       0       0       0       0       0       0       0       0       0       0
Total ram usage:       11 bytes
 Hardware stack levels required when called:    2
 This function calls:
		_startPin
		_toggle
 This function is called by:
		Startup code after reset
 This function uses a non-reentrant model


 *************** function _toggle *****************
 Defined at:
		line 59 in file "WBOS.c"
 Parameters:    Size  Location     Type
  pin             2    0[COMRAM] PTR struct pinDef
		 -> main@ledPin(7), 
 Auto vars:     Size  Location     Type
  toAssign        1    5[COMRAM] unsigned char 
 Return value:  Size  Location     Type
                  1    wreg      void 
 Registers used:
		wreg, fsr2l, fsr2h, status,2, status,0
 Tracked objects:
		On entry : 
		On exit  : 
		Unchanged: 
 Data sizes:     COMRAM   BANK0   BANK1   BANK2   BANK3   BANK4   BANK5   BANK6   BANK7   BANK8   BANK9  BANK10  BANK11  BANK12  BANK13  BANK14
      Params:         2       0       0       0       0       0       0       0       0       0       0       0       0       0       0       0
      Locals:         1       0       0       0       0       0       0       0       0       0       0       0       0       0       0       0
      Temps:          3       0       0       0       0       0       0       0       0       0       0       0       0       0       0       0
      Totals:         6       0       0       0       0       0       0       0       0       0       0       0       0       0       0       0
Total ram usage:        6 bytes
 Hardware stack levels used:    1
 This function calls:
		Nothing
 This function is called by:
		_main
 This function uses a non-reentrant model


 *************** function _startPin *****************
 Defined at:
		line 17 in file "WBOS.c"
 Parameters:    Size  Location     Type
  newPin          2    5[COMRAM] PTR struct pinDef
		 -> main@ledPin(7), 
  pinNum          1    7[COMRAM] unsigned char 
  pinDir          2    8[COMRAM] int 
 Auto vars:     Size  Location     Type
  shiftLevel      2   13[COMRAM] int 
  rm              1   15[COMRAM] unsigned char 
 Return value:  Size  Location     Type
                  1    wreg      void 
 Registers used:
		wreg, fsr1l, fsr1h, fsr2l, fsr2h, status,2, status,0, prodl, prodh, cstack
 Tracked objects:
		On entry : 
		On exit  : 
		Unchanged: 
 Data sizes:     COMRAM   BANK0   BANK1   BANK2   BANK3   BANK4   BANK5   BANK6   BANK7   BANK8   BANK9  BANK10  BANK11  BANK12  BANK13  BANK14
      Params:         5       0       0       0       0       0       0       0       0       0       0       0       0       0       0       0
      Locals:         3       0       0       0       0       0       0       0       0       0       0       0       0       0       0       0
      Temps:          3       0       0       0       0       0       0       0       0       0       0       0       0       0       0       0
      Totals:        11       0       0       0       0       0       0       0       0       0       0       0       0       0       0       0
Total ram usage:       11 bytes
 Hardware stack levels used:    1
 Hardware stack levels required when called:    1
 This function calls:
		_driveLow
 This function is called by:
		_main
 This function uses a non-reentrant model


 *************** function _driveLow *****************
 Defined at:
		line 54 in file "WBOS.c"
 Parameters:    Size  Location     Type
  pin             2    0[COMRAM] PTR struct pinDef
		 -> main@ledPin(7), 
 Auto vars:     Size  Location     Type
  toMask          1    4[COMRAM] unsigned char 
 Return value:  Size  Location     Type
                  1    wreg      void 
 Registers used:
		wreg, fsr2l, fsr2h, status,2, status,0
 Tracked objects:
		On entry : 
		On exit  : 
		Unchanged: 
 Data sizes:     COMRAM   BANK0   BANK1   BANK2   BANK3   BANK4   BANK5   BANK6   BANK7   BANK8   BANK9  BANK10  BANK11  BANK12  BANK13  BANK14
      Params:         2       0       0       0       0       0       0       0       0       0       0       0       0       0       0       0
      Locals:         1       0       0       0       0       0       0       0       0       0       0       0       0       0       0       0
      Temps:          2       0       0       0       0       0       0       0       0       0       0       0       0       0       0       0
      Totals:         5       0       0       0       0       0       0       0       0       0       0       0       0       0       0       0
Total ram usage:        5 bytes
 Hardware stack levels used:    1
 This function calls:
		Nothing
 This function is called by:
		_startPin
 This function uses a non-reentrant model



MODULE INFORMATION

Module		Function		Class		Link	Load	Size
newmain.c
		_main          		CODE           	1FCDC	0000	75

newmain.c estimated size: 75

shared
		__initialization		CODE           	1FDC4	0000	97

shared estimated size: 97

WBOS.c
		_driveLow      		CODE           	1FCAC	0000	49
		_toggle        		CODE           	1FD26	0000	77
		_startPin      		CODE           	1FECE	0000	307

WBOS.c estimated size: 433

